// Jest Snapshot v1, https://goo.gl/fbAQLP

exports[`<DatePickerStyled /> rendering should render without crashing 1`] = `
<Router
  history={
    Object {
      "action": "POP",
      "block": [Function],
      "createHref": [Function],
      "go": [Function],
      "goBack": [Function],
      "goForward": [Function],
      "length": 1,
      "listen": [Function],
      "location": Object {
        "hash": "",
        "pathname": "/",
        "search": "",
        "state": undefined,
      },
      "push": [Function],
      "replace": [Function],
    }
  }
>
  <Provider
    store={
      Object {
        "clearActions": [Function],
        "dispatch": [Function],
        "getActions": [Function],
        "getState": [Function],
        "replaceReducer": [Function],
        "subscribe": [Function],
      }
    }
  >
    <DatePickerStyled
      date={2020-11-12T00:00:00.000Z}
      dateFormat="en-US"
      name="test"
      setState={[MockFunction]}
    />
  </Provider>
</Router>
`;
