// Jest Snapshot v1, https://goo.gl/fbAQLP

exports[`<PrivateRoute /> rendering should render without crashing 1`] = `
<BrowserRouter
  keyLength={0}
>
  <Router
    history={
      Object {
        "action": "REPLACE",
        "block": [Function],
        "createHref": [Function],
        "go": [Function],
        "goBack": [Function],
        "goForward": [Function],
        "length": 1,
        "listen": [Function],
        "location": Object {
          "hash": "",
          "pathname": "/login",
          "search": "",
          "state": undefined,
        },
        "push": [Function],
        "replace": [Function],
      }
    }
  >
    <Provider
      store={
        Object {
          "clearActions": [Function],
          "dispatch": [Function],
          "getActions": [Function],
          "getState": [Function],
          "replaceReducer": [Function],
          "subscribe": [Function],
        }
      }
    >
      <PrivateRoute>
        <Layout>
          <NavBar
            asideMobileActive={false}
            handleMobileToggle={[Function]}
          >
            <nav
              className="navbar is-fixed-top"
              id="navbar-main"
            >
              <div
                className="navbar-brand"
              >
                <a
                  className="navbar-item is-hidden-desktop jb-aside-mobile-toggle"
                  onClick={[Function]}
                >
                  <span
                    className="icon"
                  >
                    <i
                      className="mdi mdi-24px mdi-forwardburger"
                    />
                  </span>
                </a>
              </div>
              <div
                className="navbar-brand is-right"
              >
                <a
                  className="navbar-item is-hidden-desktop jb-navbar-menu-toggle"
                  data-target="navbar-menu"
                  onClick={[Function]}
                >
                  <span
                    className="icon"
                  >
                    <i
                      className="mdi mdi-dots-vertical"
                    />
                  </span>
                </a>
              </div>
              <div
                className="navbar-menu fadeIn animated faster"
                id="navbar-menu"
              >
                <div
                  className="navbar-end"
                >
                  <div
                    className="navbar-item has-dropdown has-dropdown-with-icons has-divider has-user-avatar is-hoverable"
                  >
                    <a
                      className="navbar-link is-arrowless"
                    >
                      <div
                        className="is-user-avatar"
                      >
                        <img
                          alt="User profile"
                          src="user-default-log.svg"
                        />
                      </div>
                      <div
                        className="is-user-name"
                      >
                        <span />
                      </div>
                      <span
                        className="icon"
                      >
                        <i
                          className="mdi mdi-chevron-down"
                        />
                      </span>
                    </a>
                    <div
                      className="navbar-dropdown"
                    >
                      <Link
                        onClick={[Function]}
                        to="/profile"
                      >
                        <NavLink
                          activeClassName="is-active"
                          className="navbar-item"
                          exact={true}
                          onClick={[Function]}
                          to="/profile"
                        >
                          <Link
                            aria-current={null}
                            className="navbar-item"
                            onClick={[Function]}
                            to={
                              Object {
                                "hash": "",
                                "pathname": "/profile",
                                "search": "",
                                "state": null,
                              }
                            }
                          >
                            <LinkAnchor
                              aria-current={null}
                              className="navbar-item"
                              href="/profile"
                              navigate={[Function]}
                              onClick={[Function]}
                            >
                              <a
                                aria-current={null}
                                className="navbar-item"
                                href="/profile"
                                onClick={[Function]}
                              >
                                <span
                                  className="icon"
                                >
                                  <i
                                    className="mdi mdi-account"
                                  />
                                </span>
                                <span>
                                  <FormattedMessage
                                    defaultMessage="Profile"
                                    id="NavBar.profile"
                                    values={Object {}}
                                  >
                                    Profile
                                  </FormattedMessage>
                                </span>
                              </a>
                            </LinkAnchor>
                          </Link>
                        </NavLink>
                      </Link>
                      <hr
                        className="navbar-divider"
                      />
                      <a
                        className="navbar-item"
                        id="logout"
                        onClick={[Function]}
                      >
                        <span
                          className="icon"
                        >
                          <i
                            className="mdi mdi-logout"
                          />
                        </span>
                        <span>
                          <FormattedMessage
                            defaultMessage="Log Out"
                            id="NavBar.logOut"
                            values={Object {}}
                          >
                            Log Out
                          </FormattedMessage>
                        </span>
                      </a>
                    </div>
                  </div>
                </div>
              </div>
            </nav>
          </NavBar>
          <Aside
            handleMobileToggle={[Function]}
          >
            <aside
              className="aside is-placed-left is-expanded"
            >
              <Link
                className="aside-tools"
                to="/"
              >
                <LinkAnchor
                  className="aside-tools"
                  href="/"
                  navigate={[Function]}
                >
                  <a
                    className="aside-tools"
                    href="/"
                    onClick={[Function]}
                  >
                    <div
                      className="aside-tools-label"
                    >
                      <span>
                        <b>
                          React
                        </b>
                         Firebase
                      </span>
                    </div>
                  </a>
                </LinkAnchor>
              </Link>
              <div
                className="menu is-menu-main"
              >
                <ul
                  className="menu-list"
                >
                  <li>
                    <Link
                      className="has-icon"
                      onClick={[Function]}
                      to="/"
                    >
                      <NavLink
                        activeClassName="is-active"
                        className="has-icon"
                        exact={true}
                        onClick={[Function]}
                        to="/"
                      >
                        <Link
                          aria-current={null}
                          className="has-icon"
                          onClick={[Function]}
                          to={
                            Object {
                              "hash": "",
                              "pathname": "/",
                              "search": "",
                              "state": null,
                            }
                          }
                        >
                          <LinkAnchor
                            aria-current={null}
                            className="has-icon"
                            href="/"
                            navigate={[Function]}
                            onClick={[Function]}
                          >
                            <a
                              aria-current={null}
                              className="has-icon"
                              href="/"
                              onClick={[Function]}
                            >
                              <span
                                className="icon"
                              >
                                <i
                                  className="mdi mdi-home"
                                />
                              </span>
                              <span
                                className="menu-item-label"
                              >
                                <FormattedMessage
                                  defaultMessage="Home"
                                  id="Aside.home"
                                  values={Object {}}
                                >
                                  Home
                                </FormattedMessage>
                              </span>
                            </a>
                          </LinkAnchor>
                        </Link>
                      </NavLink>
                    </Link>
                  </li>
                  <SubMenu
                    label={
                      <FormattedMessage
                        defaultMessage="Dropdown Menu"
                        id="Aside.dropdownMenu"
                        values={Object {}}
                      />
                    }
                  >
                    <li
                      className=""
                    >
                      <a
                        className="has-icon has-dropdown-icon"
                        exact-active-class="is-active"
                        onClick={[Function]}
                      >
                        <span
                          className="icon"
                        >
                          <i
                            className="mdi mdi-view-list"
                          />
                        </span>
                        <span
                          className="menu-item-label"
                        >
                          <FormattedMessage
                            defaultMessage="Dropdown Menu"
                            id="Aside.dropdownMenu"
                            values={Object {}}
                          >
                            Dropdown Menu
                          </FormattedMessage>
                        </span>
                        <div
                          className="dropdown-icon"
                        >
                          <span
                            className="icon"
                          >
                            <i
                              className="mdi mdi-plus"
                            />
                          </span>
                        </div>
                      </a>
                      <ul>
                        <li>
                          <Link
                            className="submenuLink"
                            onClick={[Function]}
                            to="/submenu1"
                          >
                            <NavLink
                              activeClassName="is-active"
                              className="submenuLink"
                              exact={true}
                              onClick={[Function]}
                              to="/submenu1"
                            >
                              <Link
                                aria-current={null}
                                className="submenuLink"
                                onClick={[Function]}
                                to={
                                  Object {
                                    "hash": "",
                                    "pathname": "/submenu1",
                                    "search": "",
                                    "state": null,
                                  }
                                }
                              >
                                <LinkAnchor
                                  aria-current={null}
                                  className="submenuLink"
                                  href="/submenu1"
                                  navigate={[Function]}
                                  onClick={[Function]}
                                >
                                  <a
                                    aria-current={null}
                                    className="submenuLink"
                                    href="/submenu1"
                                    onClick={[Function]}
                                  >
                                    <span>
                                      <FormattedMessage
                                        defaultMessage="Submenu 1"
                                        id="Aside.submenu1"
                                        values={Object {}}
                                      >
                                        Submenu 1
                                      </FormattedMessage>
                                    </span>
                                  </a>
                                </LinkAnchor>
                              </Link>
                            </NavLink>
                          </Link>
                        </li>
                        <li>
                          <Link
                            className="submenuLink"
                            onClick={[Function]}
                            to="/submenu2"
                          >
                            <NavLink
                              activeClassName="is-active"
                              className="submenuLink"
                              exact={true}
                              onClick={[Function]}
                              to="/submenu2"
                            >
                              <Link
                                aria-current={null}
                                className="submenuLink"
                                onClick={[Function]}
                                to={
                                  Object {
                                    "hash": "",
                                    "pathname": "/submenu2",
                                    "search": "",
                                    "state": null,
                                  }
                                }
                              >
                                <LinkAnchor
                                  aria-current={null}
                                  className="submenuLink"
                                  href="/submenu2"
                                  navigate={[Function]}
                                  onClick={[Function]}
                                >
                                  <a
                                    aria-current={null}
                                    className="submenuLink"
                                    href="/submenu2"
                                    onClick={[Function]}
                                  >
                                    <span>
                                      <FormattedMessage
                                        defaultMessage="Submenu 2"
                                        id="Aside.submenu2"
                                        values={Object {}}
                                      >
                                        Submenu 2
                                      </FormattedMessage>
                                    </span>
                                  </a>
                                </LinkAnchor>
                              </Link>
                            </NavLink>
                          </Link>
                        </li>
                      </ul>
                    </li>
                  </SubMenu>
                </ul>
              </div>
            </aside>
          </Aside>
          <div
            className="layout"
          >
            <Route
              exact={true}
              render={[Function]}
            >
              <Redirect
                to="/login"
              >
                <Lifecycle
                  onMount={[Function]}
                  onUpdate={[Function]}
                  to="/login"
                />
              </Redirect>
            </Route>
          </div>
          <Footer>
            <footer
              className="footer"
            >
              <div
                className="container-fluid"
              >
                <div
                  className="level level"
                >
                  <div
                    className="level-left"
                  >
                    <div
                      className="level-item"
                    >
                      © 2020 
                      <span>
                          CreateThrive
                      </span>
                    </div>
                  </div>
                  <div
                    className="level-right levelRight"
                  >
                    <div
                      className="level-item"
                    >
                      <div
                        className="logo"
                      >
                        <a
                          href="https://createthrive.com"
                        >
                          <img
                            alt="CreateThrive.com"
                            src="https://createthrive.com/assets/logos/Logo-CT.svg"
                          />
                        </a>
                      </div>
                    </div>
                  </div>
                </div>
              </div>
            </footer>
          </Footer>
        </Layout>
      </PrivateRoute>
    </Provider>
  </Router>
</BrowserRouter>
`;
