// Jest Snapshot v1, https://goo.gl/fbAQLP

exports[`<Section /> rendering should render without crashing 1`] = `
<h1>
  Section page
</h1>
`;
