// Jest Snapshot v1, https://goo.gl/fbAQLP

exports[`<Submenu /> rendering should render without crashing 1`] = `
<h1>
  Submenu
</h1>
`;
